gcc -g p5original.c
 gdb a.out
GNU gdb (Ubuntu 8.1.1-0ubuntu1) 8.1.1
Copyright (C) 2018 Free Software Foundation, Inc.
License GPLv3+: GNU GPL version 3 or later <http://gnu.org/licenses/gpl.html>
This is free software: you are free to change and redistribute it.
There is NO WARRANTY, to the extent permitted by law.  Type "show copying"
and "show warranty" for details.
 
 gcc -g p5original.c
 gdb a.out
GNU gdb (Ubuntu 8.1.1-0ubuntu1) 8.1.1
Copyright (C) 2018 Free Software Foundation, Inc.
License GPLv3+: GNU GPL version 3 or later <http://gnu.org/licenses/gpl.html>
This is free software: you are free to change and redistribute it.
There is NO WARRANTY, to the extent permitted by law.  Type "show copying"
and "show warranty" for details.
This GDB was configured as "x86_64-linux-gnu".
Type "show configuration" for configuration details.
For bug reporting instructions, please see:
<http://www.gnu.org/software/gdb/bugs/>.
Find the GDB manual and other documentation resources online at:
<http://www.gnu.org/software/gdb/documentation/>.
For help, type "help".
Type "apropos word" to search for commands related to "word"...
Reading symbols from a.out...done.
(gdb) b main
Breakpoint 1 at 0x84f: file p5original.c, line 21.
(gdb) r
Starting program: /home/runner/pps-test1-KDevaHarshini-4/a.out 
warning: Error disabling address space randomization: Operation not permitted

Breakpoint 1, main () at p5original.c:21
21  {
(gdb) n
23    input(&a,&b,&c);
(gdb) n
Enter three numbers
10
7
 
 gcc -g p5original.c
 gdb a.out
GNU gdb (Ubuntu 8.1.1-0ubuntu1) 8.1.1
Copyright (C) 2018 Free Software Foundation, Inc.
License GPLv3+: GNU GPL version 3 or later <http://gnu.org/licenses/gpl.html>
This is free software: you are free to change and redistribute it.
There is NO WARRANTY, to the extent permitted by law.  Type "show copying"
and "show warranty" for details.
This GDB was configured as "x86_64-linux-gnu".
Type "show configuration" for configuration details.
For bug reporting instructions, please see:
<http://www.gnu.org/software/gdb/bugs/>.
Find the GDB manual and other documentation resources online at:
<http://www.gnu.org/software/gdb/documentation/>.
For help, type "help".
Type "apropos word" to search for commands related to "word"...
Reading symbols from a.out...done.
(gdb) b main
Breakpoint 1 at 0x84f: file p5original.c, line 21.
(gdb) r
Starting program: /home/runner/pps-test1-KDevaHarshini-4/a.out 
warning: Error disabling address space randomization: Operation not permitted

Breakpoint 1, main () at p5original.c:21
21  {
(gdb) n
23    input(&a,&b,&c);
(gdb) n
Enter three numbers
9
15
7
24     cmp(a,b,c,&l);
(gdb) s
cmp (a=9, b=15, c=7, l=0x7ffd51d7f584) at p5original.c:9
9     if((a>b)&&(a>c))
(gdb) s
11    else if((b>a)&&(b>c))
(gdb) s
12    printf("B is *big\n");
(gdb) s
_IO_puts (str=0x55b3bcc0095b "B is *big") at ioputs.c:33
33  ioputs.c: No such file or directory.
(gdb) c
Continuing.
B is *big
[Inferior 1 (process 143) exited normally]
(gdb) 